
[TestGetAsString - 1]
Config: {"ShowVersion":false,"Help":false,"DryRun":false,"Path":"../../.editorconfig-checker.json","Version":"v3.0.3","Verbose":false,"Format":"default","Debug":false,"IgnoreDefaults":false,"SpacesAftertabs":null,"SpacesAfterTabs":false,"NoColor":false,"Exclude":["testfiles","testdata"],"AllowedContentTypes":["text/","application/octet-stream","application/ecmascript","application/json","application/x-ndjson","application/xml","+json","+xml"],"PassedFiles":[],"Disable":{"EndOfLine":false,"Indentation":false,"InsertFinalNewline":false,"TrimTrailingWhitespace":false,"IndentSize":false,"MaxLineLength":false},"Logger":{"Verbosee":false,"Debugg":false,"NoColor":false},"EditorconfigConfig":{"Path":"","Name":"","Version":"","Parser":{},"Graceful":false}}
---
